Archive member included to satisfy reference by file (symbol)

d:/stmcube_1.10/stm32cubeide_1.10.1/stm32cubeide/plugins/com.st.stm32cube.ide.mcu.externaltools.gnu-tools-for-stm32.10.3-2021.10.win32_1.0.0.202111181127/tools/bin/../lib/gcc/arm-none-eabi/10.3.1/../../../../arm-none-eabi/lib/thumb/v7e-m+fp/hard\libc_nano.a(lib_a-errno.o)
                              ./Core/Src/syscalls.o (__errno)
d:/stmcube_1.10/stm32cubeide_1.10.1/stm32cubeide/plugins/com.st.stm32cube.ide.mcu.externaltools.gnu-tools-for-stm32.10.3-2021.10.win32_1.0.0.202111181127/tools/bin/../lib/gcc/arm-none-eabi/10.3.1/../../../../arm-none-eabi/lib/thumb/v7e-m+fp/hard\libc_nano.a(lib_a-exit.o)
                              d:/stmcube_1.10/stm32cubeide_1.10.1/stm32cubeide/plugins/com.st.stm32cube.ide.mcu.externaltools.gnu-tools-for-stm32.10.3-2021.10.win32_1.0.0.202111181127/tools/bin/../lib/gcc/arm-none-eabi/10.3.1/../../../../arm-none-eabi/lib/thumb/v7e-m+fp/hard/crt0.o (exit)
d:/stmcube_1.10/stm32cubeide_1.10.1/stm32cubeide/plugins/com.st.stm32cube.ide.mcu.externaltools.gnu-tools-for-stm32.10.3-2021.10.win32_1.0.0.202111181127/tools/bin/../lib/gcc/arm-none-eabi/10.3.1/../../../../arm-none-eabi/lib/thumb/v7e-m+fp/hard\libc_nano.a(lib_a-impure.o)
                              d:/stmcube_1.10/stm32cubeide_1.10.1/stm32cubeide/plugins/com.st.stm32cube.ide.mcu.externaltools.gnu-tools-for-stm32.10.3-2021.10.win32_1.0.0.202111181127/tools/bin/../lib/gcc/arm-none-eabi/10.3.1/../../../../arm-none-eabi/lib/thumb/v7e-m+fp/hard\libc_nano.a(lib_a-exit.o) (_global_impure_ptr)
d:/stmcube_1.10/stm32cubeide_1.10.1/stm32cubeide/plugins/com.st.stm32cube.ide.mcu.externaltools.gnu-tools-for-stm32.10.3-2021.10.win32_1.0.0.202111181127/tools/bin/../lib/gcc/arm-none-eabi/10.3.1/../../../../arm-none-eabi/lib/thumb/v7e-m+fp/hard\libc_nano.a(lib_a-init.o)
                              d:/stmcube_1.10/stm32cubeide_1.10.1/stm32cubeide/plugins/com.st.stm32cube.ide.mcu.externaltools.gnu-tools-for-stm32.10.3-2021.10.win32_1.0.0.202111181127/tools/bin/../lib/gcc/arm-none-eabi/10.3.1/../../../../arm-none-eabi/lib/thumb/v7e-m+fp/hard/crt0.o (__libc_init_array)
d:/stmcube_1.10/stm32cubeide_1.10.1/stm32cubeide/plugins/com.st.stm32cube.ide.mcu.externaltools.gnu-tools-for-stm32.10.3-2021.10.win32_1.0.0.202111181127/tools/bin/../lib/gcc/arm-none-eabi/10.3.1/../../../../arm-none-eabi/lib/thumb/v7e-m+fp/hard\libc_nano.a(lib_a-memset.o)
                              d:/stmcube_1.10/stm32cubeide_1.10.1/stm32cubeide/plugins/com.st.stm32cube.ide.mcu.externaltools.gnu-tools-for-stm32.10.3-2021.10.win32_1.0.0.202111181127/tools/bin/../lib/gcc/arm-none-eabi/10.3.1/../../../../arm-none-eabi/lib/thumb/v7e-m+fp/hard/crt0.o (memset)
d:/stmcube_1.10/stm32cubeide_1.10.1/stm32cubeide/plugins/com.st.stm32cube.ide.mcu.externaltools.gnu-tools-for-stm32.10.3-2021.10.win32_1.0.0.202111181127/tools/bin/../lib/gcc/arm-none-eabi/10.3.1/../../../../arm-none-eabi/lib/thumb/v7e-m+fp/hard\libc_nano.a(lib_a-strlen.o)
                              ./Core/Src/fonts.o (strlen)
d:/stmcube_1.10/stm32cubeide_1.10.1/stm32cubeide/plugins/com.st.stm32cube.ide.mcu.externaltools.gnu-tools-for-stm32.10.3-2021.10.win32_1.0.0.202111181127/tools/bin/../lib/gcc/arm-none-eabi/10.3.1/thumb/v7e-m+fp/hard\libgcc.a(_aeabi_uldivmod.o)
                              ./Drivers/STM32F4xx_HAL_Driver/Src/stm32f4xx_hal_rcc.o (__aeabi_uldivmod)
d:/stmcube_1.10/stm32cubeide_1.10.1/stm32cubeide/plugins/com.st.stm32cube.ide.mcu.externaltools.gnu-tools-for-stm32.10.3-2021.10.win32_1.0.0.202111181127/tools/bin/../lib/gcc/arm-none-eabi/10.3.1/thumb/v7e-m+fp/hard\libgcc.a(_udivmoddi4.o)
                              d:/stmcube_1.10/stm32cubeide_1.10.1/stm32cubeide/plugins/com.st.stm32cube.ide.mcu.externaltools.gnu-tools-for-stm32.10.3-2021.10.win32_1.0.0.202111181127/tools/bin/../lib/gcc/arm-none-eabi/10.3.1/thumb/v7e-m+fp/hard\libgcc.a(_aeabi_uldivmod.o) (__udivmoddi4)
d:/stmcube_1.10/stm32cubeide_1.10.1/stm32cubeide/plugins/com.st.stm32cube.ide.mcu.externaltools.gnu-tools-for-stm32.10.3-2021.10.win32_1.0.0.202111181127/tools/bin/../lib/gcc/arm-none-eabi/10.3.1/thumb/v7e-m+fp/hard\libgcc.a(_dvmd_tls.o)
                              d:/stmcube_1.10/stm32cubeide_1.10.1/stm32cubeide/plugins/com.st.stm32cube.ide.mcu.externaltools.gnu-tools-for-stm32.10.3-2021.10.win32_1.0.0.202111181127/tools/bin/../lib/gcc/arm-none-eabi/10.3.1/thumb/v7e-m+fp/hard\libgcc.a(_aeabi_uldivmod.o) (__aeabi_ldiv0)

Discarded input sections

 .text          0x0000000000000000        0x0 d:/stmcube_1.10/stm32cubeide_1.10.1/stm32cubeide/plugins/com.st.stm32cube.ide.mcu.externaltools.gnu-tools-for-stm32.10.3-2021.10.win32_1.0.0.202111181127/tools/bin/../lib/gcc/arm-none-eabi/10.3.1/thumb/v7e-m+fp/hard/crti.o
[...]
Memory Configuration

Name             Origin             Length             Attributes
RAM              0x0000000020000000 0x0000000000020000 xrw
FLASH            0x0000000008000000 0x0000000000080000 xr
*default*        0x0000000000000000 0xffffffffffffffff

Linker script and memory map

LOAD d:/stmcube_1.10/stm32cubeide_1.10.1/stm32cubeide/plugins/com.st.stm32cube.ide.mcu.externaltools.gnu-tools-for-stm32.10.3-2021.10.win32_1.0.0.202111181127/tools/bin/../lib/gcc/arm-none-eabi/10.3.1/thumb/v7e-m+fp/hard/crti.o
LOAD d:/stmcube_1.10/stm32cubeide_1.10.1/stm32cubeide/plugins/com.st.stm32cube.ide.mcu.externaltools.gnu-tools-for-stm32.10.3-2021.10.win32_1.0.0.202111181127/tools/bin/../lib/gcc/arm-none-eabi/10.3.1/thumb/v7e-m+fp/hard/crtbegin.o
LOAD d:/stmcube_1.10/stm32cubeide_1.10.1/stm32cubeide/plugins/com.st.stm32cube.ide.mcu.externaltools.gnu-tools-for-stm32.10.3-2021.10.win32_1.0.0.202111181127/tools/bin/../lib/gcc/arm-none-eabi/10.3.1/../../../../arm-none-eabi/lib/thumb/v7e-m+fp/hard/crt0.o
LOAD ./Core/Src/CANSPI.o
LOAD ./Core/Src/MCP2515.o
LOAD ./Core/Src/fonts.o
LOAD ./Core/Src/main.o
LOAD ./Core/Src/ssd1306.o
LOAD ./Core/Src/stm32f4xx_hal_msp.o
LOAD ./Core/Src/stm32f4xx_it.o
LOAD ./Core/Src/syscalls.o
LOAD ./Core/Src/sysmem.o
LOAD ./Core/Src/system_stm32f4xx.o
LOAD ./Core/Startup/startup_stm32f411ceux.o
LOAD ./Drivers/STM32F4xx_HAL_Driver/Src/stm32f4xx_hal.o
LOAD ./Drivers/STM32F4xx_HAL_Driver/Src/stm32f4xx_hal_adc.o
LOAD ./Drivers/STM32F4xx_HAL_Driver/Src/stm32f4xx_hal_adc_ex.o
LOAD ./Drivers/STM32F4xx_HAL_Driver/Src/stm32f4xx_hal_cortex.o
LOAD ./Drivers/STM32F4xx_HAL_Driver/Src/stm32f4xx_hal_dma.o
LOAD ./Drivers/STM32F4xx_HAL_Driver/Src/stm32f4xx_hal_dma_ex.o
LOAD ./Drivers/STM32F4xx_HAL_Driver/Src/stm32f4xx_hal_exti.o
LOAD ./Drivers/STM32F4xx_HAL_Driver/Src/stm32f4xx_hal_flash.o
LOAD ./Drivers/STM32F4xx_HAL_Driver/Src/stm32f4xx_hal_flash_ex.o
LOAD ./Drivers/STM32F4xx_HAL_Driver/Src/stm32f4xx_hal_flash_ramfunc.o
LOAD ./Drivers/STM32F4xx_HAL_Driver/Src/stm32f4xx_hal_gpio.o
LOAD ./Drivers/STM32F4xx_HAL_Driver/Src/stm32f4xx_hal_i2c.o
LOAD ./Drivers/STM32F4xx_HAL_Driver/Src/stm32f4xx_hal_i2c_ex.o
LOAD ./Drivers/STM32F4xx_HAL_Driver/Src/stm32f4xx_hal_pwr.o
LOAD ./Drivers/STM32F4xx_HAL_Driver/Src/stm32f4xx_hal_pwr_ex.o
LOAD ./Drivers/STM32F4xx_HAL_Driver/Src/stm32f4xx_hal_rcc.o
LOAD ./Drivers/STM32F4xx_HAL_Driver/Src/stm32f4xx_hal_rcc_ex.o
LOAD ./Drivers/STM32F4xx_HAL_Driver/Src/stm32f4xx_hal_spi.o
LOAD ./Drivers/STM32F4xx_HAL_Driver/Src/stm32f4xx_hal_tim.o
LOAD ./Drivers/STM32F4xx_HAL_Driver/Src/stm32f4xx_hal_tim_ex.o
LOAD ./Drivers/STM32F4xx_HAL_Driver/Src/stm32f4xx_ll_adc.o
START GROUP
LOAD d:/stmcube_1.10/stm32cubeide_1.10.1/stm32cubeide/plugins/com.st.stm32cube.ide.mcu.externaltools.gnu-tools-for-stm32.10.3-2021.10.win32_1.0.0.202111181127/tools/bin/../lib/gcc/arm-none-eabi/10.3.1/../../../../arm-none-eabi/lib/thumb/v7e-m+fp/hard\libc_nano.a
LOAD d:/stmcube_1.10/stm32cubeide_1.10.1/stm32cubeide/plugins/com.st.stm32cube.ide.mcu.externaltools.gnu-tools-for-stm32.10.3-2021.10.win32_1.0.0.202111181127/tools/bin/../lib/gcc/arm-none-eabi/10.3.1/../../../../arm-none-eabi/lib/thumb/v7e-m+fp/hard\libm.a
END GROUP
START GROUP
LOAD d:/stmcube_1.10/stm32cubeide_1.10.1/stm32cubeide/plugins/com.st.stm32cube.ide.mcu.externaltools.gnu-tools-for-stm32.10.3-2021.10.win32_1.0.0.202111181127/tools/bin/../lib/gcc/arm-none-eabi/10.3.1/thumb/v7e-m+fp/hard\libgcc.a
LOAD d:/stmcube_1.10/stm32cubeide_1.10.1/stm32cubeide/plugins/com.st.stm32cube.ide.mcu.externaltools.gnu-tools-for-stm32.10.3-2021.10.win32_1.0.0.202111181127/tools/bin/../lib/gcc/arm-none-eabi/10.3.1/../../../../arm-none-eabi/lib/thumb/v7e-m+fp/hard\libc_nano.a
END GROUP
START GROUP
LOAD d:/stmcube_1.10/stm32cubeide_1.10.1/stm32cubeide/plugins/com.st.stm32cube.ide.mcu.externaltools.gnu-tools-for-stm32.10.3-2021.10.win32_1.0.0.202111181127/tools/bin/../lib/gcc/arm-none-eabi/10.3.1/thumb/v7e-m+fp/hard\libgcc.a
LOAD d:/stmcube_1.10/stm32cubeide_1.10.1/stm32cubeide/plugins/com.st.stm32cube.ide.mcu.externaltools.gnu-tools-for-stm32.10.3-2021.10.win32_1.0.0.202111181127/tools/bin/../lib/gcc/arm-none-eabi/10.3.1/../../../../arm-none-eabi/lib/thumb/v7e-m+fp/hard\libc_nano.a
LOAD d:/stmcube_1.10/stm32cubeide_1.10.1/stm32cubeide/plugins/com.st.stm32cube.ide.mcu.externaltools.gnu-tools-for-stm32.10.3-2021.10.win32_1.0.0.202111181127/tools/bin/../lib/gcc/arm-none-eabi/10.3.1/../../../../arm-none-eabi/lib/thumb/v7e-m+fp/hard\libnosys.a
END GROUP
START GROUP
LOAD d:/stmcube_1.10/stm32cubeide_1.10.1/stm32cubeide/plugins/com.st.stm32cube.ide.mcu.externaltools.gnu-tools-for-stm32.10.3-2021.10.win32_1.0.0.202111181127/tools/bin/../lib/gcc/arm-none-eabi/10.3.1/thumb/v7e-m+fp/hard\libgcc.a
LOAD d:/stmcube_1.10/stm32cubeide_1.10.1/stm32cubeide/plugins/com.st.stm32cube.ide.mcu.externaltools.gnu-tools-for-stm32.10.3-2021.10.win32_1.0.0.202111181127/tools/bin/../lib/gcc/arm-none-eabi/10.3.1/../../../../arm-none-eabi/lib/thumb/v7e-m+fp/hard\libc_nano.a
LOAD d:/stmcube_1.10/stm32cubeide_1.10.1/stm32cubeide/plugins/com.st.stm32cube.ide.mcu.externaltools.gnu-tools-for-stm32.10.3-2021.10.win32_1.0.0.202111181127/tools/bin/../lib/gcc/arm-none-eabi/10.3.1/../../../../arm-none-eabi/lib/thumb/v7e-m+fp/hard\libnosys.a
END GROUP
LOAD d:/stmcube_1.10/stm32cubeide_1.10.1/stm32cubeide/plugins/com.st.stm32cube.ide.mcu.externaltools.gnu-tools-for-stm32.10.3-2021.10.win32_1.0.0.202111181127/tools/bin/../lib/gcc/arm-none-eabi/10.3.1/thumb/v7e-m+fp/hard/crtend.o
LOAD d:/stmcube_1.10/stm32cubeide_1.10.1/stm32cubeide/plugins/com.st.stm32cube.ide.mcu.externaltools.gnu-tools-for-stm32.10.3-2021.10.win32_1.0.0.202111181127/tools/bin/../lib/gcc/arm-none-eabi/10.3.1/thumb/v7e-m+fp/hard/crtn.o
                0x0000000020020000                _estack = (ORIGIN (RAM) + LENGTH (RAM))
                0x0000000000000200                _Min_Heap_Size = 0x200
                0x0000000000000400                _Min_Stack_Size = 0x400

.isr_vector     0x0000000008000000      0x198
                0x0000000008000000                . = ALIGN (0x4)
 *(.isr_vector)
 .isr_vector    0x0000000008000000      0x198 ./Core/Startup/startup_stm32f411ceux.o
                0x0000000008000000                g_pfnVectors
                0x0000000008000198                . = ALIGN (0x4)

.text           0x0000000008000198     0x4380
                0x0000000008000198                . = ALIGN (0x4)
 *(.text)
 .text          0x0000000008000198       0x40 d:/stmcube_1.10/stm32cubeide_1.10.1/stm32cubeide/plugins/com.st.stm32cube.ide.mcu.externaltools.gnu-tools-for-stm32.10.3-2021.10.win32_1.0.0.202111181127/tools/bin/../lib/gcc/arm-none-eabi/10.3.1/thumb/v7e-m+fp/hard/crtbegin.o
 .text          0x00000000080001d8       0x30 d:/stmcube_1.10/stm32cubeide_1.10.1/stm32cubeide/plugins/com.st.stm32cube.ide.mcu.externaltools.gnu-tools-for-stm32.10.3-2021.10.win32_1.0.0.202111181127/tools/bin/../lib/gcc/arm-none-eabi/10.3.1/thumb/v7e-m+fp/hard\libgcc.a(_aeabi_uldivmod.o)
                0x00000000080001d8                __aeabi_uldivmod
 .text          0x0000000008000208      0x2d0 d:/stmcube_1.10/stm32cubeide_1.10.1/stm32cubeide/plugins/com.st.stm32cube.ide.mcu.externaltools.gnu-tools-for-stm32.10.3-2021.10.win32_1.0.0.202111181127/tools/bin/../lib/gcc/arm-none-eabi/10.3.1/thumb/v7e-m+fp/hard\libgcc.a(_udivmoddi4.o)
                0x0000000008000208                __udivmoddi4
 .text          0x00000000080004d8        0x4 d:/stmcube_1.10/stm32cubeide_1.10.1/stm32cubeide/plugins/com.st.stm32cube.ide.mcu.externaltools.gnu-tools-for-stm32.10.3-2021.10.win32_1.0.0.202111181127/tools/bin/../lib/gcc/arm-none-eabi/10.3.1/thumb/v7e-m+fp/hard\libgcc.a(_dvmd_tls.o)
                0x00000000080004d8                __aeabi_idiv0
                0x00000000080004d8                __aeabi_ldiv0
 *(.text*)
 .text.CANSPI_Initialize
                0x00000000080004dc      0x160 ./Core/Src/CANSPI.o
                0x00000000080004dc                CANSPI_Initialize
 .text.CANSPI_Transmit
                0x000000000800063c       0xf0 ./Core/Src/CANSPI.o
                0x000000000800063c                CANSPI_Transmit
 .text.CANSPI_Receive
                0x000000000800072c       0xf8 ./Core/Src/CANSPI.o
                0x000000000800072c                CANSPI_Receive
 .text.convertReg2ExtendedCANid
                0x0000000008000824       0x7c ./Core/Src/CANSPI.o
 .text.convertReg2StandardCANid
                0x00000000080008a0       0x3a ./Core/Src/CANSPI.o
 .text.convertCANid2Reg
                0x00000000080008da       0xaa ./Core/Src/CANSPI.o
 .text.MCP2515_Initialize
                0x0000000008000984       0x44 ./Core/Src/MCP2515.o
                0x0000000008000984                MCP2515_Initialize
 .text.MCP2515_SetConfigMode
                0x00000000080009c8       0x3c ./Core/Src/MCP2515.o
                0x00000000080009c8                MCP2515_SetConfigMode
 .text.MCP2515_SetNormalMode
                0x0000000008000a04       0x3c ./Core/Src/MCP2515.o
                0x0000000008000a04                MCP2515_SetNormalMode
 .text.MCP2515_ReadByte
                0x0000000008000a40       0x44 ./Core/Src/MCP2515.o
                0x0000000008000a40                MCP2515_ReadByte
 .text.MCP2515_ReadRxSequence
                0x0000000008000a84       0x44 ./Core/Src/MCP2515.o
                0x0000000008000a84                MCP2515_ReadRxSequence
 .text.MCP2515_WriteByte
                0x0000000008000ac8       0x48 ./Core/Src/MCP2515.o
                0x0000000008000ac8                MCP2515_WriteByte
 .text.MCP2515_WriteByteSequence
                0x0000000008000b10       0x54 ./Core/Src/MCP2515.o
                0x0000000008000b10                MCP2515_WriteByteSequence
 .text.MCP2515_LoadTxSequence
                0x0000000008000b64       0x54 ./Core/Src/MCP2515.o
                0x0000000008000b64                MCP2515_LoadTxSequence
 .text.MCP2515_RequestToSend
                0x0000000008000bb8       0x34 ./Core/Src/MCP2515.o
                0x0000000008000bb8                MCP2515_RequestToSend
 .text.MCP2515_ReadStatus
                0x0000000008000bec       0x38 ./Core/Src/MCP2515.o
                0x0000000008000bec                MCP2515_ReadStatus
 .text.MCP2515_GetRxStatus
                0x0000000008000c24       0x38 ./Core/Src/MCP2515.o
                0x0000000008000c24                MCP2515_GetRxStatus
 .text.SPI_Tx   0x0000000008000c5c       0x24 ./Core/Src/MCP2515.o
 .text.SPI_TxBuffer
                0x0000000008000c80       0x28 ./Core/Src/MCP2515.o
 .text.SPI_Rx   0x0000000008000ca8       0x20 ./Core/Src/MCP2515.o
 .text.SPI_RxBuffer
                0x0000000008000cc8       0x28 ./Core/Src/MCP2515.o
 .text.main     0x0000000008000cf0      0x114 ./Core/Src/main.o
                0x0000000008000cf0                main
 .text.SystemClock_Config
                0x0000000008000e04       0xd0 ./Core/Src/main.o
                0x0000000008000e04                SystemClock_Config
 .text.MX_ADC1_Init
                0x0000000008000ed4       0xa4 ./Core/Src/main.o
 .text.MX_I2C1_Init
                0x0000000008000f78       0x5c ./Core/Src/main.o
 .text.MX_SPI1_Init
                0x0000000008000fd4       0x6c ./Core/Src/main.o
 .text.MX_GPIO_Init
                0x0000000008001040       0xa0 ./Core/Src/main.o
 .text.Error_Handler
                0x00000000080010e0        0xa ./Core/Src/main.o
                0x00000000080010e0                Error_Handler
 *fill*         0x00000000080010ea        0x2 
 .text.SSD1306_Init
                0x00000000080010ec      0x188 ./Core/Src/ssd1306.o
                0x00000000080010ec                SSD1306_Init
 .text.SSD1306_UpdateScreen
                0x0000000008001274       0x5c ./Core/Src/ssd1306.o
                0x0000000008001274                SSD1306_UpdateScreen
 .text.SSD1306_Fill
                0x00000000080012d0       0x30 ./Core/Src/ssd1306.o
                0x00000000080012d0                SSD1306_Fill
 .text.SSD1306_DrawPixel
                0x0000000008001300       0xc0 ./Core/Src/ssd1306.o
                0x0000000008001300                SSD1306_DrawPixel
 .text.SSD1306_GotoXY
                0x00000000080013c0       0x2c ./Core/Src/ssd1306.o
                0x00000000080013c0                SSD1306_GotoXY
 .text.SSD1306_Putc
                0x00000000080013ec      0x100 ./Core/Src/ssd1306.o
                0x00000000080013ec                SSD1306_Putc
 .text.SSD1306_Puts
                0x00000000080014ec       0x4a ./Core/Src/ssd1306.o
                0x00000000080014ec                SSD1306_Puts
 .text.SSD1306_Clear
                0x0000000008001536       0x12 ./Core/Src/ssd1306.o
                0x0000000008001536                SSD1306_Clear
 .text.ssd1306_I2C_Init
                0x0000000008001548       0x2c ./Core/Src/ssd1306.o
                0x0000000008001548                ssd1306_I2C_Init
 .text.ssd1306_I2C_WriteMulti
                0x0000000008001574       0xcc ./Core/Src/ssd1306.o
                0x0000000008001574                ssd1306_I2C_WriteMulti
 .text.ssd1306_I2C_Write
                0x0000000008001640       0x3c ./Core/Src/ssd1306.o
                0x0000000008001640                ssd1306_I2C_Write
 .text.HAL_MspInit
                0x000000000800167c       0x50 ./Core/Src/stm32f4xx_hal_msp.o
                0x000000000800167c                HAL_MspInit
 .text.HAL_ADC_MspInit
                0x00000000080016cc       0x88 ./Core/Src/stm32f4xx_hal_msp.o
                0x00000000080016cc                HAL_ADC_MspInit
 .text.HAL_I2C_MspInit
                0x0000000008001754       0x90 ./Core/Src/stm32f4xx_hal_msp.o
                0x0000000008001754                HAL_I2C_MspInit
 .text.HAL_SPI_MspInit
                0x00000000080017e4       0x90 ./Core/Src/stm32f4xx_hal_msp.o
                0x00000000080017e4                HAL_SPI_MspInit
 .text.NMI_Handler
                0x0000000008001874        0x6 ./Core/Src/stm32f4xx_it.o
                0x0000000008001874                NMI_Handler
 .text.HardFault_Handler
                0x000000000800187a        0x6 ./Core/Src/stm32f4xx_it.o
                0x000000000800187a                HardFault_Handler
 .text.MemManage_Handler
                0x0000000008001880        0x6 ./Core/Src/stm32f4xx_it.o
                0x0000000008001880                MemManage_Handler
 .text.BusFault_Handler
                0x0000000008001886        0x6 ./Core/Src/stm32f4xx_it.o
                0x0000000008001886                BusFault_Handler
 .text.UsageFault_Handler
                0x000000000800188c        0x6 ./Core/Src/stm32f4xx_it.o
                0x000000000800188c                UsageFault_Handler
 .text.SVC_Handler
                0x0000000008001892        0xe ./Core/Src/stm32f4xx_it.o
                0x0000000008001892                SVC_Handler
 .text.DebugMon_Handler
                0x00000000080018a0        0xe ./Core/Src/stm32f4xx_it.o
                0x00000000080018a0                DebugMon_Handler
 .text.PendSV_Handler
                0x00000000080018ae        0xe ./Core/Src/stm32f4xx_it.o
                0x00000000080018ae                PendSV_Handler
 .text.SysTick_Handler
                0x00000000080018bc        0xc ./Core/Src/stm32f4xx_it.o
                0x00000000080018bc                SysTick_Handler
 .text.SystemInit
                0x00000000080018c8       0x24 ./Core/Src/system_stm32f4xx.o
                0x00000000080018c8                SystemInit
 .text.Reset_Handler
                0x00000000080018ec       0x50 ./Core/Startup/startup_stm32f411ceux.o
                0x00000000080018ec                Reset_Handler
 .text.Default_Handler
                0x000000000800193c        0x2 ./Core/Startup/startup_stm32f411ceux.o
                0x000000000800193c                RTC_Alarm_IRQHandler
                0x000000000800193c                EXTI2_IRQHandler
                0x000000000800193c                SPI4_IRQHandler
                0x000000000800193c                TIM1_CC_IRQHandler
                0x000000000800193c                DMA2_Stream5_IRQHandler
                0x000000000800193c                DMA1_Stream5_IRQHandler
                0x000000000800193c                PVD_IRQHandler
                0x000000000800193c                SDIO_IRQHandler
                0x000000000800193c                TAMP_STAMP_IRQHandler
                0x000000000800193c                EXTI3_IRQHandler
                0x000000000800193c                TIM1_UP_TIM10_IRQHandler
                0x000000000800193c                I2C3_ER_IRQHandler
                0x000000000800193c                EXTI0_IRQHandler
                0x000000000800193c                I2C2_EV_IRQHandler
                0x000000000800193c                DMA1_Stream2_IRQHandler
                0x000000000800193c                FPU_IRQHandler
                0x000000000800193c                DMA2_Stream2_IRQHandler
                0x000000000800193c                SPI1_IRQHandler
                0x000000000800193c                TIM1_BRK_TIM9_IRQHandler
                0x000000000800193c                DMA2_Stream3_IRQHandler
                0x000000000800193c                USART6_IRQHandler
                0x000000000800193c                DMA2_Stream0_IRQHandler
                0x000000000800193c                TIM4_IRQHandler
                0x000000000800193c                I2C1_EV_IRQHandler
                0x000000000800193c                DMA1_Stream6_IRQHandler
                0x000000000800193c                DMA1_Stream1_IRQHandler
                0x000000000800193c                TIM3_IRQHandler
                0x000000000800193c                RCC_IRQHandler
                0x000000000800193c                Default_Handler
                0x000000000800193c                EXTI15_10_IRQHandler
                0x000000000800193c                ADC_IRQHandler
                0x000000000800193c                DMA1_Stream7_IRQHandler
                0x000000000800193c                SPI5_IRQHandler
                0x000000000800193c                TIM5_IRQHandler
                0x000000000800193c                DMA2_Stream7_IRQHandler
                0x000000000800193c                I2C3_EV_IRQHandler
                0x000000000800193c                EXTI9_5_IRQHandler
                0x000000000800193c                RTC_WKUP_IRQHandler
                0x000000000800193c                SPI2_IRQHandler
                0x000000000800193c                DMA1_Stream0_IRQHandler
                0x000000000800193c                EXTI4_IRQHandler
                0x000000000800193c                WWDG_IRQHandler
                0x000000000800193c                TIM2_IRQHandler
                0x000000000800193c                OTG_FS_WKUP_IRQHandler
                0x000000000800193c                TIM1_TRG_COM_TIM11_IRQHandler
                0x000000000800193c                EXTI1_IRQHandler
                0x000000000800193c                USART2_IRQHandler
                0x000000000800193c                I2C2_ER_IRQHandler
                0x000000000800193c                DMA2_Stream1_IRQHandler
                0x000000000800193c                FLASH_IRQHandler
                0x000000000800193c                DMA2_Stream4_IRQHandler
                0x000000000800193c                USART1_IRQHandler
                0x000000000800193c                OTG_FS_IRQHandler
                0x000000000800193c                SPI3_IRQHandler
                0x000000000800193c                DMA1_Stream4_IRQHandler
                0x000000000800193c                I2C1_ER_IRQHandler
                0x000000000800193c                DMA2_Stream6_IRQHandler
                0x000000000800193c                DMA1_Stream3_IRQHandler
 *fill*         0x000000000800193e        0x2 
 .text.HAL_Init
                0x0000000008001940       0x44 ./Drivers/STM32F4xx_HAL_Driver/Src/stm32f4xx_hal.o
                0x0000000008001940                HAL_Init
 .text.HAL_InitTick
                0x0000000008001984       0x60 ./Drivers/STM32F4xx_HAL_Driver/Src/stm32f4xx_hal.o
                0x0000000008001984                HAL_InitTick
 .text.HAL_IncTick
                0x00000000080019e4       0x28 ./Drivers/STM32F4xx_HAL_Driver/Src/stm32f4xx_hal.o
                0x00000000080019e4                HAL_IncTick
 .text.HAL_GetTick
                0x0000000008001a0c       0x18 ./Drivers/STM32F4xx_HAL_Driver/Src/stm32f4xx_hal.o
                0x0000000008001a0c                HAL_GetTick
 .text.HAL_Delay
                0x0000000008001a24       0x48 ./Drivers/STM32F4xx_HAL_Driver/Src/stm32f4xx_hal.o
                0x0000000008001a24                HAL_Delay
 .text.HAL_ADC_Init
                0x0000000008001a6c       0x86 ./Drivers/STM32F4xx_HAL_Driver/Src/stm32f4xx_hal_adc.o
                0x0000000008001a6c                HAL_ADC_Init
 *fill*         0x0000000008001af2        0x2 
 .text.HAL_ADC_Start
                0x0000000008001af4      0x168 ./Drivers/STM32F4xx_HAL_Driver/Src/stm32f4xx_hal_adc.o
                0x0000000008001af4                HAL_ADC_Start
 .text.HAL_ADC_ConfigChannel
                0x0000000008001c5c      0x264 ./Drivers/STM32F4xx_HAL_Driver/Src/stm32f4xx_hal_adc.o
                0x0000000008001c5c                HAL_ADC_ConfigChannel
 .text.ADC_Init
                0x0000000008001ec0      0x1f8 ./Drivers/STM32F4xx_HAL_Driver/Src/stm32f4xx_hal_adc.o
 .text.__NVIC_SetPriorityGrouping
                0x00000000080020b8       0x48 ./Drivers/STM32F4xx_HAL_Driver/Src/stm32f4xx_hal_cortex.o
 .text.__NVIC_GetPriorityGrouping
                0x0000000008002100       0x1c ./Drivers/STM32F4xx_HAL_Driver/Src/stm32f4xx_hal_cortex.o
 .text.__NVIC_SetPriority
                0x000000000800211c       0x54 ./Drivers/STM32F4xx_HAL_Driver/Src/stm32f4xx_hal_cortex.o
 .text.NVIC_EncodePriority
                0x0000000008002170       0x66 ./Drivers/STM32F4xx_HAL_Driver/Src/stm32f4xx_hal_cortex.o
 *fill*         0x00000000080021d6        0x2 
 .text.SysTick_Config
                0x00000000080021d8       0x44 ./Drivers/STM32F4xx_HAL_Driver/Src/stm32f4xx_hal_cortex.o
 .text.HAL_NVIC_SetPriorityGrouping
                0x000000000800221c       0x16 ./Drivers/STM32F4xx_HAL_Driver/Src/stm32f4xx_hal_cortex.o
                0x000000000800221c                HAL_NVIC_SetPriorityGrouping
 .text.HAL_NVIC_SetPriority
                0x0000000008002232       0x38 ./Drivers/STM32F4xx_HAL_Driver/Src/stm32f4xx_hal_cortex.o
                0x0000000008002232                HAL_NVIC_SetPriority
 .text.HAL_SYSTICK_Config
                0x000000000800226a       0x18 ./Drivers/STM32F4xx_HAL_Driver/Src/stm32f4xx_hal_cortex.o
                0x000000000800226a                HAL_SYSTICK_Config
 *fill*         0x0000000008002282        0x2 
 .text.HAL_GPIO_Init
                0x0000000008002284      0x308 ./Drivers/STM32F4xx_HAL_Driver/Src/stm32f4xx_hal_gpio.o
                0x0000000008002284                HAL_GPIO_Init
 .text.HAL_GPIO_WritePin
                0x000000000800258c       0x32 ./Drivers/STM32F4xx_HAL_Driver/Src/stm32f4xx_hal_gpio.o
                0x000000000800258c                HAL_GPIO_WritePin
 *fill*         0x00000000080025be        0x2 
 .text.HAL_I2C_Init
                0x00000000080025c0      0x288 ./Drivers/STM32F4xx_HAL_Driver/Src/stm32f4xx_hal_i2c.o
                0x00000000080025c0                HAL_I2C_Init
 .text.HAL_I2C_Master_Transmit
                0x0000000008002848      0x1fc ./Drivers/STM32F4xx_HAL_Driver/Src/stm32f4xx_hal_i2c.o
                0x0000000008002848                HAL_I2C_Master_Transmit
 .text.HAL_I2C_IsDeviceReady
                0x0000000008002a44      0x25c ./Drivers/STM32F4xx_HAL_Driver/Src/stm32f4xx_hal_i2c.o
                0x0000000008002a44                HAL_I2C_IsDeviceReady
 .text.I2C_MasterRequestWrite
                0x0000000008002ca0      0x104 ./Drivers/STM32F4xx_HAL_Driver/Src/stm32f4xx_hal_i2c.o
 .text.I2C_WaitOnFlagUntilTimeout
                0x0000000008002da4       0xae ./Drivers/STM32F4xx_HAL_Driver/Src/stm32f4xx_hal_i2c.o
 .text.I2C_WaitOnMasterAddressFlagUntilTimeout
                0x0000000008002e52       0xfe ./Drivers/STM32F4xx_HAL_Driver/Src/stm32f4xx_hal_i2c.o
 .text.I2C_WaitOnTXEFlagUntilTimeout
                0x0000000008002f50       0x82 ./Drivers/STM32F4xx_HAL_Driver/Src/stm32f4xx_hal_i2c.o
 .text.I2C_WaitOnBTFFlagUntilTimeout
                0x0000000008002fd2       0x82 ./Drivers/STM32F4xx_HAL_Driver/Src/stm32f4xx_hal_i2c.o
 .text.I2C_IsAcknowledgeFailed
                0x0000000008003054       0x5e ./Drivers/STM32F4xx_HAL_Driver/Src/stm32f4xx_hal_i2c.o
 *fill*         0x00000000080030b2        0x2 
 .text.HAL_RCC_OscConfig
                0x00000000080030b4      0x4f0 ./Drivers/STM32F4xx_HAL_Driver/Src/stm32f4xx_hal_rcc.o
                0x00000000080030b4                HAL_RCC_OscConfig
 .text.HAL_RCC_ClockConfig
                0x00000000080035a4      0x1cc ./Drivers/STM32F4xx_HAL_Driver/Src/stm32f4xx_hal_rcc.o
                0x00000000080035a4                HAL_RCC_ClockConfig
 .text.HAL_RCC_GetSysClockFreq
                0x0000000008003770      0x18c ./Drivers/STM32F4xx_HAL_Driver/Src/stm32f4xx_hal_rcc.o
                0x0000000008003770                HAL_RCC_GetSysClockFreq
 .text.HAL_RCC_GetHCLKFreq
                0x00000000080038fc       0x18 ./Drivers/STM32F4xx_HAL_Driver/Src/stm32f4xx_hal_rcc.o
                0x00000000080038fc                HAL_RCC_GetHCLKFreq
 .text.HAL_RCC_GetPCLK1Freq
                0x0000000008003914       0x28 ./Drivers/STM32F4xx_HAL_Driver/Src/stm32f4xx_hal_rcc.o
                0x0000000008003914                HAL_RCC_GetPCLK1Freq
 .text.HAL_SPI_Init
                0x000000000800393c      0x112 ./Drivers/STM32F4xx_HAL_Driver/Src/stm32f4xx_hal_spi.o
                0x000000000800393c                HAL_SPI_Init
 .text.HAL_SPI_Transmit
                0x0000000008003a4e      0x278 ./Drivers/STM32F4xx_HAL_Driver/Src/stm32f4xx_hal_spi.o
                0x0000000008003a4e                HAL_SPI_Transmit
 .text.HAL_SPI_Receive
                0x0000000008003cc6      0x222 ./Drivers/STM32F4xx_HAL_Driver/Src/stm32f4xx_hal_spi.o
                0x0000000008003cc6                HAL_SPI_Receive
 .text.HAL_SPI_TransmitReceive
                0x0000000008003ee8      0x344 ./Drivers/STM32F4xx_HAL_Driver/Src/stm32f4xx_hal_spi.o
                0x0000000008003ee8                HAL_SPI_TransmitReceive
 .text.HAL_SPI_GetState
                0x000000000800422c       0x1c ./Drivers/STM32F4xx_HAL_Driver/Src/stm32f4xx_hal_spi.o
                0x000000000800422c                HAL_SPI_GetState
 .text.SPI_WaitFlagStateUntilTimeout
                0x0000000008004248      0x110 ./Drivers/STM32F4xx_HAL_Driver/Src/stm32f4xx_hal_spi.o
 .text.SPI_EndRxTransaction
                0x0000000008004358       0xca ./Drivers/STM32F4xx_HAL_Driver/Src/stm32f4xx_hal_spi.o
 *fill*         0x0000000008004422        0x2 
 .text.SPI_EndRxTxTransaction
                0x0000000008004424       0x84 ./Drivers/STM32F4xx_HAL_Driver/Src/stm32f4xx_hal_spi.o
 .text.__libc_init_array
                0x00000000080044a8       0x48 d:/stmcube_1.10/stm32cubeide_1.10.1/stm32cubeide/plugins/com.st.stm32cube.ide.mcu.externaltools.gnu-tools-for-stm32.10.3-2021.10.win32_1.0.0.202111181127/tools/bin/../lib/gcc/arm-none-eabi/10.3.1/../../../../arm-none-eabi/lib/thumb/v7e-m+fp/hard\libc_nano.a(lib_a-init.o)
                0x00000000080044a8                __libc_init_array
 .text.memset   0x00000000080044f0       0x10 d:/stmcube_1.10/stm32cubeide_1.10.1/stm32cubeide/plugins/com.st.stm32cube.ide.mcu.externaltools.gnu-tools-for-stm32.10.3-2021.10.win32_1.0.0.202111181127/tools/bin/../lib/gcc/arm-none-eabi/10.3.1/../../../../arm-none-eabi/lib/thumb/v7e-m+fp/hard\libc_nano.a(lib_a-memset.o)
                0x00000000080044f0                memset
 *(.glue_7)
 .glue_7        0x0000000008004500        0x0 linker stubs
 *(.glue_7t)
 .glue_7t       0x0000000008004500        0x0 linker stubs
 *(.eh_frame)
 .eh_frame      0x0000000008004500        0x0 d:/stmcube_1.10/stm32cubeide_1.10.1/stm32cubeide/plugins/com.st.stm32cube.ide.mcu.externaltools.gnu-tools-for-stm32.10.3-2021.10.win32_1.0.0.202111181127/tools/bin/../lib/gcc/arm-none-eabi/10.3.1/thumb/v7e-m+fp/hard/crtbegin.o
 *(.init)
 .init          0x0000000008004500        0x4 d:/stmcube_1.10/stm32cubeide_1.10.1/stm32cubeide/plugins/com.st.stm32cube.ide.mcu.externaltools.gnu-tools-for-stm32.10.3-2021.10.win32_1.0.0.202111181127/tools/bin/../lib/gcc/arm-none-eabi/10.3.1/thumb/v7e-m+fp/hard/crti.o
                0x0000000008004500                _init
 .init          0x0000000008004504        0x8 d:/stmcube_1.10/stm32cubeide_1.10.1/stm32cubeide/plugins/com.st.stm32cube.ide.mcu.externaltools.gnu-tools-for-stm32.10.3-2021.10.win32_1.0.0.202111181127/tools/bin/../lib/gcc/arm-none-eabi/10.3.1/thumb/v7e-m+fp/hard/crtn.o
 *(.fini)
 .fini          0x000000000800450c        0x4 d:/stmcube_1.10/stm32cubeide_1.10.1/stm32cubeide/plugins/com.st.stm32cube.ide.mcu.externaltools.gnu-tools-for-stm32.10.3-2021.10.win32_1.0.0.202111181127/tools/bin/../lib/gcc/arm-none-eabi/10.3.1/thumb/v7e-m+fp/hard/crti.o
                0x000000000800450c                _fini
 .fini          0x0000000008004510        0x8 d:/stmcube_1.10/stm32cubeide_1.10.1/stm32cubeide/plugins/com.st.stm32cube.ide.mcu.externaltools.gnu-tools-for-stm32.10.3-2021.10.win32_1.0.0.202111181127/tools/bin/../lib/gcc/arm-none-eabi/10.3.1/thumb/v7e-m+fp/hard/crtn.o
                0x0000000008004518                . = ALIGN (0x4)
                0x0000000008004518                _etext = .

.vfp11_veneer   0x0000000008004518        0x0
 .vfp11_veneer  0x0000000008004518        0x0 linker stubs

.v4_bx          0x0000000008004518        0x0
 .v4_bx         0x0000000008004518        0x0 linker stubs

.iplt           0x0000000008004518        0x0
 .iplt          0x0000000008004518        0x0 d:/stmcube_1.10/stm32cubeide_1.10.1/stm32cubeide/plugins/com.st.stm32cube.ide.mcu.externaltools.gnu-tools-for-stm32.10.3-2021.10.win32_1.0.0.202111181127/tools/bin/../lib/gcc/arm-none-eabi/10.3.1/thumb/v7e-m+fp/hard/crtbegin.o

.rodata         0x0000000008004518      0xd88
                0x0000000008004518                . = ALIGN (0x4)
 *(.rodata)
 .rodata        0x0000000008004518       0x11 ./Core/Src/main.o
 *(.rodata*)
 *fill*         0x0000000008004529        0x3 
 .rodata.Font11x18
                0x000000000800452c      0xd5c ./Core/Src/fonts.o
                0x000000000800452c                Font11x18
 .rodata.AHBPrescTable
                0x0000000008005288       0x10 ./Core/Src/system_stm32f4xx.o
                0x0000000008005288                AHBPrescTable
 .rodata.APBPrescTable
                0x0000000008005298        0x8 ./Core/Src/system_stm32f4xx.o
                0x0000000008005298                APBPrescTable
                0x00000000080052a0                . = ALIGN (0x4)

.ARM.extab      0x00000000080052a0        0x0
                0x00000000080052a0                . = ALIGN (0x4)
 *(.ARM.extab* .gnu.linkonce.armextab.*)
                0x00000000080052a0                . = ALIGN (0x4)

.ARM            0x00000000080052a0        0x8
                0x00000000080052a0                . = ALIGN (0x4)
                0x00000000080052a0                __exidx_start = .
 *(.ARM.exidx*)
 .ARM.exidx     0x00000000080052a0        0x8 d:/stmcube_1.10/stm32cubeide_1.10.1/stm32cubeide/plugins/com.st.stm32cube.ide.mcu.externaltools.gnu-tools-for-stm32.10.3-2021.10.win32_1.0.0.202111181127/tools/bin/../lib/gcc/arm-none-eabi/10.3.1/thumb/v7e-m+fp/hard\libgcc.a(_udivmoddi4.o)
                0x00000000080052a8                __exidx_end = .
                0x00000000080052a8                . = ALIGN (0x4)

.rel.dyn        0x00000000080052a8        0x0
 .rel.iplt      0x00000000080052a8        0x0 d:/stmcube_1.10/stm32cubeide_1.10.1/stm32cubeide/plugins/com.st.stm32cube.ide.mcu.externaltools.gnu-tools-for-stm32.10.3-2021.10.win32_1.0.0.202111181127/tools/bin/../lib/gcc/arm-none-eabi/10.3.1/thumb/v7e-m+fp/hard/crtbegin.o

.preinit_array  0x00000000080052a8        0x0
                0x00000000080052a8                . = ALIGN (0x4)
                0x00000000080052a8                PROVIDE (__preinit_array_start = .)
 *(.preinit_array*)
                0x00000000080052a8                PROVIDE (__preinit_array_end = .)
                0x00000000080052a8                . = ALIGN (0x4)

.init_array     0x00000000080052a8        0x4
                0x00000000080052a8                . = ALIGN (0x4)
                0x00000000080052a8                PROVIDE (__init_array_start = .)
 *(SORT_BY_NAME(.init_array.*))
 *(.init_array*)
 .init_array    0x00000000080052a8        0x4 d:/stmcube_1.10/stm32cubeide_1.10.1/stm32cubeide/plugins/com.st.stm32cube.ide.mcu.externaltools.gnu-tools-for-stm32.10.3-2021.10.win32_1.0.0.202111181127/tools/bin/../lib/gcc/arm-none-eabi/10.3.1/thumb/v7e-m+fp/hard/crtbegin.o
                0x00000000080052ac                PROVIDE (__init_array_end = .)
                0x00000000080052ac                . = ALIGN (0x4)

.fini_array     0x00000000080052ac        0x4
                0x00000000080052ac                . = ALIGN (0x4)
                [!provide]                        PROVIDE (__fini_array_start = .)
 *(SORT_BY_NAME(.fini_array.*))
 *(.fini_array*)
 .fini_array    0x00000000080052ac        0x4 d:/stmcube_1.10/stm32cubeide_1.10.1/stm32cubeide/plugins/com.st.stm32cube.ide.mcu.externaltools.gnu-tools-for-stm32.10.3-2021.10.win32_1.0.0.202111181127/tools/bin/../lib/gcc/arm-none-eabi/10.3.1/thumb/v7e-m+fp/hard/crtbegin.o
                [!provide]                        PROVIDE (__fini_array_end = .)
                0x00000000080052b0                . = ALIGN (0x4)
                0x00000000080052b0                _sidata = LOADADDR (.data)

.data           0x0000000020000000       0x14 load address 0x00000000080052b0
                0x0000000020000000                . = ALIGN (0x4)
                0x0000000020000000                _sdata = .
 *(.data)
 *(.data*)
 .data.Font_11x18
                0x0000000020000000        0x8 ./Core/Src/fonts.o
                0x0000000020000000                Font_11x18
 .data.SystemCoreClock
                0x0000000020000008        0x4 ./Core/Src/system_stm32f4xx.o
                0x0000000020000008                SystemCoreClock
 .data.uwTickPrio
                0x000000002000000c        0x4 ./Drivers/STM32F4xx_HAL_Driver/Src/stm32f4xx_hal.o
                0x000000002000000c                uwTickPrio
 .data.uwTickFreq
                0x0000000020000010        0x1 ./Drivers/STM32F4xx_HAL_Driver/Src/stm32f4xx_hal.o
                0x0000000020000010                uwTickFreq
 *(.RamFunc)
 *(.RamFunc*)
                0x0000000020000014                . = ALIGN (0x4)
 *fill*         0x0000000020000011        0x3 
                0x0000000020000014                _edata = .

.igot.plt       0x0000000020000014        0x0 load address 0x00000000080052c4
 .igot.plt      0x0000000020000014        0x0 d:/stmcube_1.10/stm32cubeide_1.10.1/stm32cubeide/plugins/com.st.stm32cube.ide.mcu.externaltools.gnu-tools-for-stm32.10.3-2021.10.win32_1.0.0.202111181127/tools/bin/../lib/gcc/arm-none-eabi/10.3.1/thumb/v7e-m+fp/hard/crtbegin.o
                0x0000000020000014                . = ALIGN (0x4)

.bss            0x0000000020000014      0x524 load address 0x00000000080052c4
                0x0000000020000014                _sbss = .
                0x0000000020000014                __bss_start__ = _sbss
 *(.bss)
 .bss           0x0000000020000014       0x1c d:/stmcube_1.10/stm32cubeide_1.10.1/stm32cubeide/plugins/com.st.stm32cube.ide.mcu.externaltools.gnu-tools-for-stm32.10.3-2021.10.win32_1.0.0.202111181127/tools/bin/../lib/gcc/arm-none-eabi/10.3.1/thumb/v7e-m+fp/hard/crtbegin.o
 *(.bss*)
 .bss.ctrlStatus
                0x0000000020000030        0x4 ./Core/Src/CANSPI.o
                0x0000000020000030                ctrlStatus
 .bss.idReg     0x0000000020000034        0x4 ./Core/Src/CANSPI.o
                0x0000000020000034                idReg
 .bss.hadc1     0x0000000020000038       0x48 ./Core/Src/main.o
                0x0000000020000038                hadc1
 .bss.hi2c1     0x0000000020000080       0x54 ./Core/Src/main.o
                0x0000000020000080                hi2c1
 .bss.hspi1     0x00000000200000d4       0x58 ./Core/Src/main.o
                0x00000000200000d4                hspi1
 .bss.SSD1306_Buffer
                0x000000002000012c      0x400 ./Core/Src/ssd1306.o
 .bss.SSD1306   0x000000002000052c        0x6 ./Core/Src/ssd1306.o
 *fill*         0x0000000020000532        0x2 
 .bss.uwTick    0x0000000020000534        0x4 ./Drivers/STM32F4xx_HAL_Driver/Src/stm32f4xx_hal.o
                0x0000000020000534                uwTick
 *(COMMON)
                0x0000000020000538                . = ALIGN (0x4)
                0x0000000020000538                _ebss = .
                0x0000000020000538                __bss_end__ = _ebss

._user_heap_stack
                0x0000000020000538      0x600 load address 0x00000000080052c4
                0x0000000020000538                . = ALIGN (0x8)
                [!provide]                        PROVIDE (end = .)
                0x0000000020000538                PROVIDE (_end = .)
                0x0000000020000738                . = (. + _Min_Heap_Size)
 *fill*         0x0000000020000538      0x200 
                0x0000000020000b38                . = (. + _Min_Stack_Size)
 *fill*         0x0000000020000738      0x400 
                0x0000000020000b38                . = ALIGN (0x8)

/DISCARD/
 libc.a(*)
 libm.a(*)
 libgcc.a(*)

.ARM.attributes
                0x0000000000000000       0x30
 *(.ARM.attributes)
 .ARM.attributes
                0x0000000000000000       0x1e d:/stmcube_1.10/stm32cubeide_1.10.1/stm32cubeide/plugins/com.st.stm32cube.ide.mcu.externaltools.gnu-tools-for-stm32.10.3-2021.10.win32_1.0.0.202111181127/tools/bin/../lib/gcc/arm-none-eabi/10.3.1/thumb/v7e-m+fp/hard/crti.o
 .ARM.attributes
                0x000000000000001e       0x34 d:/stmcube_1.10/stm32cubeide_1.10.1/stm32cubeide/plugins/com.st.stm32cube.ide.mcu.externaltools.gnu-tools-for-stm32.10.3-2021.10.win32_1.0.0.202111181127/tools/bin/../lib/gcc/arm-none-eabi/10.3.1/thumb/v7e-m+fp/hard/crtbegin.o
 .ARM.attributes
                0x0000000000000052       0x34 ./Core/Src/CANSPI.o
 .ARM.attributes
                0x0000000000000086       0x34 ./Core/Src/MCP2515.o
 .ARM.attributes
                0x00000000000000ba       0x34 ./Core/Src/fonts.o
 .ARM.attributes
                0x00000000000000ee       0x34 ./Core/Src/main.o
 .ARM.attributes
                0x0000000000000122       0x34 ./Core/Src/ssd1306.o
 .ARM.attributes
                0x0000000000000156       0x34 ./Core/Src/stm32f4xx_hal_msp.o
 .ARM.attributes
                0x000000000000018a       0x34 ./Core/Src/stm32f4xx_it.o
 .ARM.attributes
                0x00000000000001be       0x34 ./Core/Src/system_stm32f4xx.o
 .ARM.attributes
                0x00000000000001f2       0x21 ./Core/Startup/startup_stm32f411ceux.o
 .ARM.attributes
                0x0000000000000213       0x34 ./Drivers/STM32F4xx_HAL_Driver/Src/stm32f4xx_hal.o
 .ARM.attributes
                0x0000000000000247       0x34 ./Drivers/STM32F4xx_HAL_Driver/Src/stm32f4xx_hal_adc.o
 .ARM.attributes
                0x000000000000027b       0x34 ./Drivers/STM32F4xx_HAL_Driver/Src/stm32f4xx_hal_cortex.o
 .ARM.attributes
                0x00000000000002af       0x34 ./Drivers/STM32F4xx_HAL_Driver/Src/stm32f4xx_hal_gpio.o
 .ARM.attributes
                0x00000000000002e3       0x34 ./Drivers/STM32F4xx_HAL_Driver/Src/stm32f4xx_hal_i2c.o
 .ARM.attributes
                0x0000000000000317       0x34 ./Drivers/STM32F4xx_HAL_Driver/Src/stm32f4xx_hal_rcc.o
 .ARM.attributes
                0x000000000000034b       0x34 ./Drivers/STM32F4xx_HAL_Driver/Src/stm32f4xx_hal_spi.o
 .ARM.attributes
                0x000000000000037f       0x34 d:/stmcube_1.10/stm32cubeide_1.10.1/stm32cubeide/plugins/com.st.stm32cube.ide.mcu.externaltools.gnu-tools-for-stm32.10.3-2021.10.win32_1.0.0.202111181127/tools/bin/../lib/gcc/arm-none-eabi/10.3.1/../../../../arm-none-eabi/lib/thumb/v7e-m+fp/hard\libc_nano.a(lib_a-init.o)
 .ARM.attributes
                0x00000000000003b3       0x34 d:/stmcube_1.10/stm32cubeide_1.10.1/stm32cubeide/plugins/com.st.stm32cube.ide.mcu.externaltools.gnu-tools-for-stm32.10.3-2021.10.win32_1.0.0.202111181127/tools/bin/../lib/gcc/arm-none-eabi/10.3.1/../../../../arm-none-eabi/lib/thumb/v7e-m+fp/hard\libc_nano.a(lib_a-memset.o)
 .ARM.attributes
                0x00000000000003e7       0x1e d:/stmcube_1.10/stm32cubeide_1.10.1/stm32cubeide/plugins/com.st.stm32cube.ide.mcu.externaltools.gnu-tools-for-stm32.10.3-2021.10.win32_1.0.0.202111181127/tools/bin/../lib/gcc/arm-none-eabi/10.3.1/thumb/v7e-m+fp/hard\libgcc.a(_aeabi_uldivmod.o)
 .ARM.attributes
                0x0000000000000405       0x34 d:/stmcube_1.10/stm32cubeide_1.10.1/stm32cubeide/plugins/com.st.stm32cube.ide.mcu.externaltools.gnu-tools-for-stm32.10.3-2021.10.win32_1.0.0.202111181127/tools/bin/../lib/gcc/arm-none-eabi/10.3.1/thumb/v7e-m+fp/hard\libgcc.a(_udivmoddi4.o)
 .ARM.attributes
                0x0000000000000439       0x1e d:/stmcube_1.10/stm32cubeide_1.10.1/stm32cubeide/plugins/com.st.stm32cube.ide.mcu.externaltools.gnu-tools-for-stm32.10.3-2021.10.win32_1.0.0.202111181127/tools/bin/../lib/gcc/arm-none-eabi/10.3.1/thumb/v7e-m+fp/hard\libgcc.a(_dvmd_tls.o)
 .ARM.attributes
                0x0000000000000457       0x1e d:/stmcube_1.10/stm32cubeide_1.10.1/stm32cubeide/plugins/com.st.stm32cube.ide.mcu.externaltools.gnu-tools-for-stm32.10.3-2021.10.win32_1.0.0.202111181127/tools/bin/../lib/gcc/arm-none-eabi/10.3.1/thumb/v7e-m+fp/hard/crtn.o
OUTPUT(CAN_L_1.elf elf32-littlearm)
LOAD linker stubs
LOAD d:/stmcube_1.10/stm32cubeide_1.10.1/stm32cubeide/plugins/com.st.stm32cube.ide.mcu.externaltools.gnu-tools-for-stm32.10.3-2021.10.win32_1.0.0.202111181127/tools/bin/../lib/gcc/arm-none-eabi/10.3.1/../../../../arm-none-eabi/lib/thumb/v7e-m+fp/hard\libc.a
LOAD d:/stmcube_1.10/stm32cubeide_1.10.1/stm32cubeide/plugins/com.st.stm32cube.ide.mcu.externaltools.gnu-tools-for-stm32.10.3-2021.10.win32_1.0.0.202111181127/tools/bin/../lib/gcc/arm-none-eabi/10.3.1/../../../../arm-none-eabi/lib/thumb/v7e-m+fp/hard\libm.a
LOAD d:/stmcube_1.10/stm32cubeide_1.10.1/stm32cubeide/plugins/com.st.stm32cube.ide.mcu.externaltools.gnu-tools-for-stm32.10.3-2021.10.win32_1.0.0.202111181127/tools/bin/../lib/gcc/arm-none-eabi/10.3.1/thumb/v7e-m+fp/hard\libgcc.a

.debug_info     0x0000000000000000     0xc8ba
 .debug_info    0x0000000000000000      0xb52 ./Core/Src/CANSPI.o
 .debug_info    0x0000000000000b52      0xb1e ./Core/Src/MCP2515.o
 .debug_info    0x0000000000001670      0x27a ./Core/Src/fonts.o
 .debug_info    0x00000000000018ea     0x153b ./Core/Src/main.o
 .debug_info    0x0000000000002e25     0x1165 ./Core/Src/ssd1306.o
 .debug_info    0x0000000000003f8a     0x1024 ./Core/Src/stm32f4xx_hal_msp.o
 .debug_info    0x0000000000004fae      0x121 ./Core/Src/stm32f4xx_it.o
 .debug_info    0x00000000000050cf      0x54f ./Core/Src/system_stm32f4xx.o
 .debug_info    0x000000000000561e       0x22 ./Core/Startup/startup_stm32f411ceux.o
 .debug_info    0x0000000000005640      0x90d ./Drivers/STM32F4xx_HAL_Driver/Src/stm32f4xx_hal.o
 .debug_info    0x0000000000005f4d      0xd68 ./Drivers/STM32F4xx_HAL_Driver/Src/stm32f4xx_hal_adc.o
 .debug_info    0x0000000000006cb5      0xd8b ./Drivers/STM32F4xx_HAL_Driver/Src/stm32f4xx_hal_cortex.o
 .debug_info    0x0000000000007a40      0x78e ./Drivers/STM32F4xx_HAL_Driver/Src/stm32f4xx_hal_gpio.o
 .debug_info    0x00000000000081ce     0x260f ./Drivers/STM32F4xx_HAL_Driver/Src/stm32f4xx_hal_i2c.o
 .debug_info    0x000000000000a7dd      0x98d ./Drivers/STM32F4xx_HAL_Driver/Src/stm32f4xx_hal_rcc.o
 .debug_info    0x000000000000b16a     0x1750 ./Drivers/STM32F4xx_HAL_Driver/Src/stm32f4xx_hal_spi.o

.debug_abbrev   0x0000000000000000     0x1f63
 .debug_abbrev  0x0000000000000000      0x1ef ./Core/Src/CANSPI.o
 .debug_abbrev  0x00000000000001ef      0x267 ./Core/Src/MCP2515.o
 .debug_abbrev  0x0000000000000456      0x111 ./Core/Src/fonts.o
 .debug_abbrev  0x0000000000000567      0x2e7 ./Core/Src/main.o
 .debug_abbrev  0x000000000000084e      0x309 ./Core/Src/ssd1306.o
 .debug_abbrev  0x0000000000000b57      0x194 ./Core/Src/stm32f4xx_hal_msp.o
 .debug_abbrev  0x0000000000000ceb       0x74 ./Core/Src/stm32f4xx_it.o
 .debug_abbrev  0x0000000000000d5f      0x116 ./Core/Src/system_stm32f4xx.o
 .debug_abbrev  0x0000000000000e75       0x12 ./Core/Startup/startup_stm32f411ceux.o
 .debug_abbrev  0x0000000000000e87      0x23e ./Drivers/STM32F4xx_HAL_Driver/Src/stm32f4xx_hal.o
 .debug_abbrev  0x00000000000010c5      0x204 ./Drivers/STM32F4xx_HAL_Driver/Src/stm32f4xx_hal_adc.o
 .debug_abbrev  0x00000000000012c9      0x316 ./Drivers/STM32F4xx_HAL_Driver/Src/stm32f4xx_hal_cortex.o
 .debug_abbrev  0x00000000000015df      0x1c4 ./Drivers/STM32F4xx_HAL_Driver/Src/stm32f4xx_hal_gpio.o
 .debug_abbrev  0x00000000000017a3      0x2a8 ./Drivers/STM32F4xx_HAL_Driver/Src/stm32f4xx_hal_i2c.o
 .debug_abbrev  0x0000000000001a4b      0x2aa ./Drivers/STM32F4xx_HAL_Driver/Src/stm32f4xx_hal_rcc.o
 .debug_abbrev  0x0000000000001cf5      0x26e ./Drivers/STM32F4xx_HAL_Driver/Src/stm32f4xx_hal_spi.o

.debug_aranges  0x0000000000000000      0xbc8
 .debug_aranges
                0x0000000000000000       0x70 ./Core/Src/CANSPI.o
 .debug_aranges
                0x0000000000000070       0xb0 ./Core/Src/MCP2515.o
 .debug_aranges
                0x0000000000000120       0x20 ./Core/Src/fonts.o
 .debug_aranges
                0x0000000000000140       0x50 ./Core/Src/main.o
 .debug_aranges
                0x0000000000000190       0xf8 ./Core/Src/ssd1306.o
 .debug_aranges
                0x0000000000000288       0x50 ./Core/Src/stm32f4xx_hal_msp.o
 .debug_aranges
                0x00000000000002d8       0x60 ./Core/Src/stm32f4xx_it.o
 .debug_aranges
                0x0000000000000338       0x28 ./Core/Src/system_stm32f4xx.o
 .debug_aranges
                0x0000000000000360       0x28 ./Core/Startup/startup_stm32f411ceux.o
 .debug_aranges
                0x0000000000000388       0xf0 ./Drivers/STM32F4xx_HAL_Driver/Src/stm32f4xx_hal.o
 .debug_aranges
                0x0000000000000478       0xe8 ./Drivers/STM32F4xx_HAL_Driver/Src/stm32f4xx_hal_adc.o
 .debug_aranges
                0x0000000000000560      0x118 ./Drivers/STM32F4xx_HAL_Driver/Src/stm32f4xx_hal_cortex.o
 .debug_aranges
                0x0000000000000678       0x58 ./Drivers/STM32F4xx_HAL_Driver/Src/stm32f4xx_hal_gpio.o
 .debug_aranges
                0x00000000000006d0      0x2a0 ./Drivers/STM32F4xx_HAL_Driver/Src/stm32f4xx_hal_i2c.o
 .debug_aranges
                0x0000000000000970       0x88 ./Drivers/STM32F4xx_HAL_Driver/Src/stm32f4xx_hal_rcc.o
 .debug_aranges
                0x00000000000009f8      0x1d0 ./Drivers/STM32F4xx_HAL_Driver/Src/stm32f4xx_hal_spi.o

.debug_ranges   0x0000000000000000      0xae8
 .debug_ranges  0x0000000000000000       0x60 ./Core/Src/CANSPI.o
 .debug_ranges  0x0000000000000060       0xa0 ./Core/Src/MCP2515.o
 .debug_ranges  0x0000000000000100       0x10 ./Core/Src/fonts.o
 .debug_ranges  0x0000000000000110       0x40 ./Core/Src/main.o
 .debug_ranges  0x0000000000000150       0xe8 ./Core/Src/ssd1306.o
 .debug_ranges  0x0000000000000238       0x40 ./Core/Src/stm32f4xx_hal_msp.o
 .debug_ranges  0x0000000000000278       0x50 ./Core/Src/stm32f4xx_it.o
 .debug_ranges  0x00000000000002c8       0x18 ./Core/Src/system_stm32f4xx.o
 .debug_ranges  0x00000000000002e0       0x20 ./Core/Startup/startup_stm32f411ceux.o
 .debug_ranges  0x0000000000000300       0xe0 ./Drivers/STM32F4xx_HAL_Driver/Src/stm32f4xx_hal.o
 .debug_ranges  0x00000000000003e0       0xd8 ./Drivers/STM32F4xx_HAL_Driver/Src/stm32f4xx_hal_adc.o
 .debug_ranges  0x00000000000004b8      0x108 ./Drivers/STM32F4xx_HAL_Driver/Src/stm32f4xx_hal_cortex.o
 .debug_ranges  0x00000000000005c0       0x48 ./Drivers/STM32F4xx_HAL_Driver/Src/stm32f4xx_hal_gpio.o
 .debug_ranges  0x0000000000000608      0x2a8 ./Drivers/STM32F4xx_HAL_Driver/Src/stm32f4xx_hal_i2c.o
 .debug_ranges  0x00000000000008b0       0x78 ./Drivers/STM32F4xx_HAL_Driver/Src/stm32f4xx_hal_rcc.o
 .debug_ranges  0x0000000000000928      0x1c0 ./Drivers/STM32F4xx_HAL_Driver/Src/stm32f4xx_hal_spi.o

.debug_macro    0x0000000000000000    0x1778e
 .debug_macro   0x0000000000000000      0x22b ./Core/Src/CANSPI.o
 .debug_macro   0x000000000000022b      0xa78 ./Core/Src/CANSPI.o
 .debug_macro   0x0000000000000ca3       0x22 ./Core/Src/CANSPI.o
 .debug_macro   0x0000000000000cc5      0x2a1 ./Core/Src/CANSPI.o
 .debug_macro   0x0000000000000f66       0x2e ./Core/Src/CANSPI.o
 .debug_macro   0x0000000000000f94       0x28 ./Core/Src/CANSPI.o
 .debug_macro   0x0000000000000fbc       0x22 ./Core/Src/CANSPI.o
 .debug_macro   0x0000000000000fde       0x8e ./Core/Src/CANSPI.o
 .debug_macro   0x000000000000106c       0x51 ./Core/Src/CANSPI.o
 .debug_macro   0x00000000000010bd      0x103 ./Core/Src/CANSPI.o
 .debug_macro   0x00000000000011c0       0x6a ./Core/Src/CANSPI.o
 .debug_macro   0x000000000000122a      0x1df ./Core/Src/CANSPI.o
 .debug_macro   0x0000000000001409       0x1c ./Core/Src/CANSPI.o
 .debug_macro   0x0000000000001425       0x22 ./Core/Src/CANSPI.o
 .debug_macro   0x0000000000001447       0xd9 ./Core/Src/CANSPI.o
 .debug_macro   0x0000000000001520     0x102d ./Core/Src/CANSPI.o
 .debug_macro   0x000000000000254d      0x11f ./Core/Src/CANSPI.o
 .debug_macro   0x000000000000266c     0xb953 ./Core/Src/CANSPI.o
 .debug_macro   0x000000000000dfbf       0x6d ./Core/Src/CANSPI.o
 .debug_macro   0x000000000000e02c     0x367e ./Core/Src/CANSPI.o
 .debug_macro   0x00000000000116aa      0x174 ./Core/Src/CANSPI.o
 .debug_macro   0x000000000001181e       0x5c ./Core/Src/CANSPI.o
 .debug_macro   0x000000000001187a      0x447 ./Core/Src/CANSPI.o
 .debug_macro   0x0000000000011cc1      0x9fe ./Core/Src/CANSPI.o
 .debug_macro   0x00000000000126bf      0x115 ./Core/Src/CANSPI.o
 .debug_macro   0x00000000000127d4      0x11b ./Core/Src/CANSPI.o
 .debug_macro   0x00000000000128ef       0xa5 ./Core/Src/CANSPI.o
 .debug_macro   0x0000000000012994      0x15f ./Core/Src/CANSPI.o
 .debug_macro   0x0000000000012af3      0x287 ./Core/Src/CANSPI.o
 .debug_macro   0x0000000000012d7a       0x5f ./Core/Src/CANSPI.o
 .debug_macro   0x0000000000012dd9      0x236 ./Core/Src/CANSPI.o
 .debug_macro   0x000000000001300f      0x9e1 ./Core/Src/CANSPI.o
 .debug_macro   0x00000000000139f0      0x38b ./Core/Src/CANSPI.o
 .debug_macro   0x0000000000013d7b      0x17d ./Core/Src/CANSPI.o
 .debug_macro   0x0000000000013ef8       0xf9 ./Core/Src/CANSPI.o
 .debug_macro   0x0000000000013ff1      0x132 ./Core/Src/CANSPI.o
 .debug_macro   0x0000000000014123      0x264 ./Core/Src/CANSPI.o
 .debug_macro   0x0000000000014387       0x2e ./Core/Src/CANSPI.o
 .debug_macro   0x00000000000143b5      0x1b5 ./Core/Src/CANSPI.o
 .debug_macro   0x000000000001456a       0x22 ./Core/Src/CANSPI.o
 .debug_macro   0x000000000001458c       0xd6 ./Core/Src/CANSPI.o
 .debug_macro   0x0000000000014662      0x11a ./Core/Src/CANSPI.o
 .debug_macro   0x000000000001477c       0x85 ./Core/Src/CANSPI.o
 .debug_macro   0x0000000000014801       0x89 ./Core/Src/CANSPI.o
 .debug_macro   0x000000000001488a      0x225 ./Core/Src/CANSPI.o
 .debug_macro   0x0000000000014aaf      0x126 ./Core/Src/CANSPI.o
 .debug_macro   0x0000000000014bd5       0x10 ./Core/Src/CANSPI.o
 .debug_macro   0x0000000000014be5       0x10 ./Core/Src/CANSPI.o
 .debug_macro   0x0000000000014bf5      0x1ba ./Core/Src/CANSPI.o
 .debug_macro   0x0000000000014daf      0x23a ./Core/Src/MCP2515.o
 .debug_macro   0x0000000000014fe9      0x1b4 ./Core/Src/MCP2515.o
 .debug_macro   0x000000000001519d      0x2d3 ./Core/Src/fonts.o
 .debug_macro   0x0000000000015470       0x52 ./Core/Src/fonts.o
 .debug_macro   0x00000000000154c2       0x1e ./Core/Src/fonts.o
 .debug_macro   0x00000000000154e0       0x3c ./Core/Src/fonts.o
 .debug_macro   0x000000000001551c       0x34 ./Core/Src/fonts.o
 .debug_macro   0x0000000000015550       0x16 ./Core/Src/fonts.o
 .debug_macro   0x0000000000015566       0x43 ./Core/Src/fonts.o
 .debug_macro   0x00000000000155a9       0x34 ./Core/Src/fonts.o
 .debug_macro   0x00000000000155dd       0x10 ./Core/Src/fonts.o
 .debug_macro   0x00000000000155ed       0x58 ./Core/Src/fonts.o
 .debug_macro   0x0000000000015645       0x71 ./Core/Src/fonts.o
 .debug_macro   0x00000000000156b6       0x1c ./Core/Src/fonts.o
 .debug_macro   0x00000000000156d2      0x12a ./Core/Src/fonts.o
 .debug_macro   0x00000000000157fc      0x341 ./Core/Src/fonts.o
 .debug_macro   0x0000000000015b3d       0x10 ./Core/Src/fonts.o
 .debug_macro   0x0000000000015b4d       0x35 ./Core/Src/fonts.o
 .debug_macro   0x0000000000015b82       0x20 ./Core/Src/fonts.o
 .debug_macro   0x0000000000015ba2      0x345 ./Core/Src/main.o
 .debug_macro   0x0000000000015ee7       0x16 ./Core/Src/main.o
 .debug_macro   0x0000000000015efd       0x16 ./Core/Src/main.o
 .debug_macro   0x0000000000015f13       0x29 ./Core/Src/main.o
 .debug_macro   0x0000000000015f3c       0x1d ./Core/Src/main.o
 .debug_macro   0x0000000000015f59      0x35e ./Core/Src/ssd1306.o
 .debug_macro   0x00000000000162b7      0x20a ./Core/Src/stm32f4xx_hal_msp.o
 .debug_macro   0x00000000000164c1      0x214 ./Core/Src/stm32f4xx_it.o
 .debug_macro   0x00000000000166d5      0x1fb ./Core/Src/system_stm32f4xx.o
 .debug_macro   0x00000000000168d0      0x25b ./Drivers/STM32F4xx_HAL_Driver/Src/stm32f4xx_hal.o
 .debug_macro   0x0000000000016b2b      0x1fc ./Drivers/STM32F4xx_HAL_Driver/Src/stm32f4xx_hal_adc.o
 .debug_macro   0x0000000000016d27      0x1fb ./Drivers/STM32F4xx_HAL_Driver/Src/stm32f4xx_hal_cortex.o
 .debug_macro   0x0000000000016f22      0x201 ./Drivers/STM32F4xx_HAL_Driver/Src/stm32f4xx_hal_gpio.o
 .debug_macro   0x0000000000017123      0x242 ./Drivers/STM32F4xx_HAL_Driver/Src/stm32f4xx_hal_i2c.o
 .debug_macro   0x0000000000017365      0x21f ./Drivers/STM32F4xx_HAL_Driver/Src/stm32f4xx_hal_rcc.o
 .debug_macro   0x0000000000017584      0x20a ./Drivers/STM32F4xx_HAL_Driver/Src/stm32f4xx_hal_spi.o

.debug_line     0x0000000000000000     0xe74b
 .debug_line    0x0000000000000000      0xa0e ./Core/Src/CANSPI.o
 .debug_line    0x0000000000000a0e      0x987 ./Core/Src/MCP2515.o
 .debug_line    0x0000000000001395      0x897 ./Core/Src/fonts.o
 .debug_line    0x0000000000001c2c      0xac3 ./Core/Src/main.o
 .debug_line    0x00000000000026ef     0x106b ./Core/Src/ssd1306.o
 .debug_line    0x000000000000375a      0x80b ./Core/Src/stm32f4xx_hal_msp.o
 .debug_line    0x0000000000003f65      0x7ec ./Core/Src/stm32f4xx_it.o
 .debug_line    0x0000000000004751      0x7ab ./Core/Src/system_stm32f4xx.o
 .debug_line    0x0000000000004efc       0x88 ./Core/Startup/startup_stm32f411ceux.o
 .debug_line    0x0000000000004f84      0xa11 ./Drivers/STM32F4xx_HAL_Driver/Src/stm32f4xx_hal.o
 .debug_line    0x0000000000005995     0x11c1 ./Drivers/STM32F4xx_HAL_Driver/Src/stm32f4xx_hal_adc.o
 .debug_line    0x0000000000006b56      0xcc0 ./Drivers/STM32F4xx_HAL_Driver/Src/stm32f4xx_hal_cortex.o
 .debug_line    0x0000000000007816      0xb49 ./Drivers/STM32F4xx_HAL_Driver/Src/stm32f4xx_hal_gpio.o
 .debug_line    0x000000000000835f     0x39c6 ./Drivers/STM32F4xx_HAL_Driver/Src/stm32f4xx_hal_i2c.o
 .debug_line    0x000000000000bd25      0xd8b ./Drivers/STM32F4xx_HAL_Driver/Src/stm32f4xx_hal_rcc.o
 .debug_line    0x000000000000cab0     0x1c9b ./Drivers/STM32F4xx_HAL_Driver/Src/stm32f4xx_hal_spi.o

.debug_str      0x0000000000000000    0x9353f
 .debug_str     0x0000000000000000    0x8ccf8 ./Core/Src/CANSPI.o
                                      0x8cf7d (size before relaxing)
 .debug_str     0x000000000008ccf8      0x60b ./Core/Src/MCP2515.o
                                      0x8d085 (size before relaxing)
 .debug_str     0x000000000008d303     0x2ed7 ./Core/Src/fonts.o
                                      0x8f12b (size before relaxing)
 .debug_str     0x00000000000901da      0x935 ./Core/Src/main.o
                                      0x90060 (size before relaxing)
 .debug_str     0x0000000000090b0f      0x4d9 ./Core/Src/ssd1306.o
                                      0x8fc72 (size before relaxing)
 .debug_str     0x0000000000090fe8       0xb1 ./Core/Src/stm32f4xx_hal_msp.o
                                      0x8ccda (size before relaxing)
 .debug_str     0x0000000000091099       0xc9 ./Core/Src/stm32f4xx_it.o
                                      0x8c309 (size before relaxing)
 .debug_str     0x0000000000091162       0xdb ./Core/Src/system_stm32f4xx.o
                                      0x8c418 (size before relaxing)
 .debug_str     0x000000000009123d       0x36 ./Core/Startup/startup_stm32f411ceux.o
                                         0x5a (size before relaxing)
 .debug_str     0x0000000000091273      0x9ae ./Drivers/STM32F4xx_HAL_Driver/Src/stm32f4xx_hal.o
                                      0x8ce44 (size before relaxing)
 .debug_str     0x0000000000091c21      0x2c2 ./Drivers/STM32F4xx_HAL_Driver/Src/stm32f4xx_hal_adc.o
                                      0x8c9f3 (size before relaxing)
 .debug_str     0x0000000000091ee3      0x34d ./Drivers/STM32F4xx_HAL_Driver/Src/stm32f4xx_hal_cortex.o
                                      0x8cb65 (size before relaxing)
 .debug_str     0x0000000000092230      0x121 ./Drivers/STM32F4xx_HAL_Driver/Src/stm32f4xx_hal_gpio.o
                                      0x8c593 (size before relaxing)
 .debug_str     0x0000000000092351      0xabb ./Drivers/STM32F4xx_HAL_Driver/Src/stm32f4xx_hal_i2c.o
                                      0x8d3d6 (size before relaxing)
 .debug_str     0x0000000000092e0c      0x213 ./Drivers/STM32F4xx_HAL_Driver/Src/stm32f4xx_hal_rcc.o
                                      0x8c84c (size before relaxing)
 .debug_str     0x000000000009301f      0x520 ./Drivers/STM32F4xx_HAL_Driver/Src/stm32f4xx_hal_spi.o
                                      0x8ccca (size before relaxing)

.comment        0x0000000000000000       0x50
 .comment       0x0000000000000000       0x50 ./Core/Src/CANSPI.o
                                         0x51 (size before relaxing)
 .comment       0x0000000000000050       0x51 ./Core/Src/MCP2515.o
 .comment       0x0000000000000050       0x51 ./Core/Src/fonts.o
 .comment       0x0000000000000050       0x51 ./Core/Src/main.o
 .comment       0x0000000000000050       0x51 ./Core/Src/ssd1306.o
 .comment       0x0000000000000050       0x51 ./Core/Src/stm32f4xx_hal_msp.o
 .comment       0x0000000000000050       0x51 ./Core/Src/stm32f4xx_it.o
 .comment       0x0000000000000050       0x51 ./Core/Src/system_stm32f4xx.o
 .comment       0x0000000000000050       0x51 ./Drivers/STM32F4xx_HAL_Driver/Src/stm32f4xx_hal.o
 .comment       0x0000000000000050       0x51 ./Drivers/STM32F4xx_HAL_Driver/Src/stm32f4xx_hal_adc.o
 .comment       0x0000000000000050       0x51 ./Drivers/STM32F4xx_HAL_Driver/Src/stm32f4xx_hal_cortex.o
 .comment       0x0000000000000050       0x51 ./Drivers/STM32F4xx_HAL_Driver/Src/stm32f4xx_hal_gpio.o
 .comment       0x0000000000000050       0x51 ./Drivers/STM32F4xx_HAL_Driver/Src/stm32f4xx_hal_i2c.o
 .comment       0x0000000000000050       0x51 ./Drivers/STM32F4xx_HAL_Driver/Src/stm32f4xx_hal_rcc.o
 .comment       0x0000000000000050       0x51 ./Drivers/STM32F4xx_HAL_Driver/Src/stm32f4xx_hal_spi.o

.debug_frame    0x0000000000000000     0x306c
 .debug_frame   0x0000000000000000      0x1a0 ./Core/Src/CANSPI.o
 .debug_frame   0x00000000000001a0      0x2b4 ./Core/Src/MCP2515.o
 .debug_frame   0x0000000000000454       0x38 ./Core/Src/fonts.o
 .debug_frame   0x000000000000048c       0xec ./Core/Src/main.o
 .debug_frame   0x0000000000000578      0x414 ./Core/Src/ssd1306.o
 .debug_frame   0x000000000000098c      0x110 ./Core/Src/stm32f4xx_hal_msp.o
 .debug_frame   0x0000000000000a9c      0x104 ./Core/Src/stm32f4xx_it.o
 .debug_frame   0x0000000000000ba0       0x58 ./Core/Src/system_stm32f4xx.o
 .debug_frame   0x0000000000000bf8      0x374 ./Drivers/STM32F4xx_HAL_Driver/Src/stm32f4xx_hal.o
 .debug_frame   0x0000000000000f6c      0x3fc ./Drivers/STM32F4xx_HAL_Driver/Src/stm32f4xx_hal_adc.o
 .debug_frame   0x0000000000001368      0x498 ./Drivers/STM32F4xx_HAL_Driver/Src/stm32f4xx_hal_cortex.o
 .debug_frame   0x0000000000001800      0x14c ./Drivers/STM32F4xx_HAL_Driver/Src/stm32f4xx_hal_gpio.o
 .debug_frame   0x000000000000194c      0xc5c ./Drivers/STM32F4xx_HAL_Driver/Src/stm32f4xx_hal_i2c.o
 .debug_frame   0x00000000000025a8      0x1f4 ./Drivers/STM32F4xx_HAL_Driver/Src/stm32f4xx_hal_rcc.o
 .debug_frame   0x000000000000279c      0x824 ./Drivers/STM32F4xx_HAL_Driver/Src/stm32f4xx_hal_spi.o
 .debug_frame   0x0000000000002fc0       0x2c d:/stmcube_1.10/stm32cubeide_1.10.1/stm32cubeide/plugins/com.st.stm32cube.ide.mcu.externaltools.gnu-tools-for-stm32.10.3-2021.10.win32_1.0.0.202111181127/tools/bin/../lib/gcc/arm-none-eabi/10.3.1/../../../../arm-none-eabi/lib/thumb/v7e-m+fp/hard\libc_nano.a(lib_a-init.o)
 .debug_frame   0x0000000000002fec       0x20 d:/stmcube_1.10/stm32cubeide_1.10.1/stm32cubeide/plugins/com.st.stm32cube.ide.mcu.externaltools.gnu-tools-for-stm32.10.3-2021.10.win32_1.0.0.202111181127/tools/bin/../lib/gcc/arm-none-eabi/10.3.1/../../../../arm-none-eabi/lib/thumb/v7e-m+fp/hard\libc_nano.a(lib_a-memset.o)
 .debug_frame   0x000000000000300c       0x2c d:/stmcube_1.10/stm32cubeide_1.10.1/stm32cubeide/plugins/com.st.stm32cube.ide.mcu.externaltools.gnu-tools-for-stm32.10.3-2021.10.win32_1.0.0.202111181127/tools/bin/../lib/gcc/arm-none-eabi/10.3.1/thumb/v7e-m+fp/hard\libgcc.a(_aeabi_uldivmod.o)
 .debug_frame   0x0000000000003038       0x34 d:/stmcube_1.10/stm32cubeide_1.10.1/stm32cubeide/plugins/com.st.stm32cube.ide.mcu.externaltools.gnu-tools-for-stm32.10.3-2021.10.win32_1.0.0.202111181127/tools/bin/../lib/gcc/arm-none-eabi/10.3.1/thumb/v7e-m+fp/hard\libgcc.a(_udivmoddi4.o)
